Archive member included to satisfy reference by file (symbol)

D:/arm-gnu-toolchain-13.3.rel1-mingw-w64-i686-arm-none-eabi/bin/../lib/gcc/arm-none-eabi/13.3.1/thumb/v7e-m+fp/hard\libgcc.a(_aeabi_uldivmod.o)
                              D:\embedded\f407_homework_Xuhan_Yang123\can_motor\build\Debug\stm32f4xx_hal_rcc.o (__aeabi_uldivmod)
D:/arm-gnu-toolchain-13.3.rel1-mingw-w64-i686-arm-none-eabi/bin/../lib/gcc/arm-none-eabi/13.3.1/thumb/v7e-m+fp/hard\libgcc.a(_udivmoddi4.o)
                              D:/arm-gnu-toolchain-13.3.rel1-mingw-w64-i686-arm-none-eabi/bin/../lib/gcc/arm-none-eabi/13.3.1/thumb/v7e-m+fp/hard\libgcc.a(_aeabi_uldivmod.o) (__udivmoddi4)
D:/arm-gnu-toolchain-13.3.rel1-mingw-w64-i686-arm-none-eabi/bin/../lib/gcc/arm-none-eabi/13.3.1/thumb/v7e-m+fp/hard\libgcc.a(_dvmd_tls.o)
                              D:/arm-gnu-toolchain-13.3.rel1-mingw-w64-i686-arm-none-eabi/bin/../lib/gcc/arm-none-eabi/13.3.1/thumb/v7e-m+fp/hard\libgcc.a(_aeabi_uldivmod.o) (__aeabi_ldiv0)
D:/arm-gnu-toolchain-13.3.rel1-mingw-w64-i686-arm-none-eabi/bin/../lib/gcc/arm-none-eabi/13.3.1/thumb/v7e-m+fp/hard\libc_nano.a(libc_a-exit.o)
                              D:/arm-gnu-toolchain-13.3.rel1-mingw-w64-i686-arm-none-eabi/bin/../lib/gcc/arm-none-eabi/13.3.1/thumb/v7e-m+fp/hard/crt0.o (exit)
D:/arm-gnu-toolchain-13.3.rel1-mingw-w64-i686-arm-none-eabi/bin/../lib/gcc/arm-none-eabi/13.3.1/thumb/v7e-m+fp/hard\libc_nano.a(libc_a-findfp.o)
                              D:/arm-gnu-toolchain-13.3.rel1-mingw-w64-i686-arm-none-eabi/bin/../lib/gcc/arm-none-eabi/13.3.1/thumb/v7e-m+fp/hard\libc_nano.a(libc_a-exit.o) (__stdio_exit_handler)
D:/arm-gnu-toolchain-13.3.rel1-mingw-w64-i686-arm-none-eabi/bin/../lib/gcc/arm-none-eabi/13.3.1/thumb/v7e-m+fp/hard\libc_nano.a(libc_a-fwalk.o)
                              D:/arm-gnu-toolchain-13.3.rel1-mingw-w64-i686-arm-none-eabi/bin/../lib/gcc/arm-none-eabi/13.3.1/thumb/v7e-m+fp/hard\libc_nano.a(libc_a-findfp.o) (_fwalk_sglue)
D:/arm-gnu-toolchain-13.3.rel1-mingw-w64-i686-arm-none-eabi/bin/../lib/gcc/arm-none-eabi/13.3.1/thumb/v7e-m+fp/hard\libc_nano.a(libc_a-stdio.o)
                              D:/arm-gnu-toolchain-13.3.rel1-mingw-w64-i686-arm-none-eabi/bin/../lib/gcc/arm-none-eabi/13.3.1/thumb/v7e-m+fp/hard\libc_nano.a(libc_a-findfp.o) (__sread)
D:/arm-gnu-toolchain-13.3.rel1-mingw-w64-i686-arm-none-eabi/bin/../lib/gcc/arm-none-eabi/13.3.1/thumb/v7e-m+fp/hard\libc_nano.a(libc_a-memset.o)
                              D:/arm-gnu-toolchain-13.3.rel1-mingw-w64-i686-arm-none-eabi/bin/../lib/gcc/arm-none-eabi/13.3.1/thumb/v7e-m+fp/hard/crt0.o (memset)
D:/arm-gnu-toolchain-13.3.rel1-mingw-w64-i686-arm-none-eabi/bin/../lib/gcc/arm-none-eabi/13.3.1/thumb/v7e-m+fp/hard\libc_nano.a(libc_a-closer.o)
                              D:/arm-gnu-toolchain-13.3.rel1-mingw-w64-i686-arm-none-eabi/bin/../lib/gcc/arm-none-eabi/13.3.1/thumb/v7e-m+fp/hard\libc_nano.a(libc_a-stdio.o) (_close_r)
D:/arm-gnu-toolchain-13.3.rel1-mingw-w64-i686-arm-none-eabi/bin/../lib/gcc/arm-none-eabi/13.3.1/thumb/v7e-m+fp/hard\libc_nano.a(libc_a-reent.o)
                              D:/arm-gnu-toolchain-13.3.rel1-mingw-w64-i686-arm-none-eabi/bin/../lib/gcc/arm-none-eabi/13.3.1/thumb/v7e-m+fp/hard\libc_nano.a(libc_a-closer.o) (errno)
D:/arm-gnu-toolchain-13.3.rel1-mingw-w64-i686-arm-none-eabi/bin/../lib/gcc/arm-none-eabi/13.3.1/thumb/v7e-m+fp/hard\libc_nano.a(libc_a-impure.o)
                              D:/arm-gnu-toolchain-13.3.rel1-mingw-w64-i686-arm-none-eabi/bin/../lib/gcc/arm-none-eabi/13.3.1/thumb/v7e-m+fp/hard\libc_nano.a(libc_a-reent.o) (_impure_ptr)
D:/arm-gnu-toolchain-13.3.rel1-mingw-w64-i686-arm-none-eabi/bin/../lib/gcc/arm-none-eabi/13.3.1/thumb/v7e-m+fp/hard\libc_nano.a(libc_a-lseekr.o)
                              D:/arm-gnu-toolchain-13.3.rel1-mingw-w64-i686-arm-none-eabi/bin/../lib/gcc/arm-none-eabi/13.3.1/thumb/v7e-m+fp/hard\libc_nano.a(libc_a-stdio.o) (_lseek_r)
D:/arm-gnu-toolchain-13.3.rel1-mingw-w64-i686-arm-none-eabi/bin/../lib/gcc/arm-none-eabi/13.3.1/thumb/v7e-m+fp/hard\libc_nano.a(libc_a-readr.o)
                              D:/arm-gnu-toolchain-13.3.rel1-mingw-w64-i686-arm-none-eabi/bin/../lib/gcc/arm-none-eabi/13.3.1/thumb/v7e-m+fp/hard\libc_nano.a(libc_a-stdio.o) (_read_r)
D:/arm-gnu-toolchain-13.3.rel1-mingw-w64-i686-arm-none-eabi/bin/../lib/gcc/arm-none-eabi/13.3.1/thumb/v7e-m+fp/hard\libc_nano.a(libc_a-writer.o)
                              D:/arm-gnu-toolchain-13.3.rel1-mingw-w64-i686-arm-none-eabi/bin/../lib/gcc/arm-none-eabi/13.3.1/thumb/v7e-m+fp/hard\libc_nano.a(libc_a-stdio.o) (_write_r)
D:/arm-gnu-toolchain-13.3.rel1-mingw-w64-i686-arm-none-eabi/bin/../lib/gcc/arm-none-eabi/13.3.1/thumb/v7e-m+fp/hard\libc_nano.a(libc_a-errno.o)
                              D:\embedded\f407_homework_Xuhan_Yang123\can_motor\build\Debug\sysmem.o (__errno)
D:/arm-gnu-toolchain-13.3.rel1-mingw-w64-i686-arm-none-eabi/bin/../lib/gcc/arm-none-eabi/13.3.1/thumb/v7e-m+fp/hard\libc_nano.a(libc_a-init.o)
[...]
Memory Configuration

Name             Origin             Length             Attributes
RAM              0x20000000         0x00020000         xrw
CCMRAM           0x10000000         0x00010000         xrw
FLASH            0x08000000         0x00080000         xr
*default*        0x00000000         0xffffffff

Linker script and memory map

LOAD D:/arm-gnu-toolchain-13.3.rel1-mingw-w64-i686-arm-none-eabi/bin/../lib/gcc/arm-none-eabi/13.3.1/thumb/v7e-m+fp/hard/crti.o
LOAD D:/arm-gnu-toolchain-13.3.rel1-mingw-w64-i686-arm-none-eabi/bin/../lib/gcc/arm-none-eabi/13.3.1/thumb/v7e-m+fp/hard/crtbegin.o
LOAD D:/arm-gnu-toolchain-13.3.rel1-mingw-w64-i686-arm-none-eabi/bin/../lib/gcc/arm-none-eabi/13.3.1/thumb/v7e-m+fp/hard/crt0.o
LOAD D:\embedded\f407_homework_Xuhan_Yang123\can_motor\build\Debug\main.o
LOAD D:\embedded\f407_homework_Xuhan_Yang123\can_motor\build\Debug\stm32f4xx_it.o
LOAD D:\embedded\f407_homework_Xuhan_Yang123\can_motor\build\Debug\stm32f4xx_hal_msp.o
LOAD D:\embedded\f407_homework_Xuhan_Yang123\can_motor\build\Debug\sysmem.o
LOAD D:\embedded\f407_homework_Xuhan_Yang123\can_motor\build\Debug\syscalls.o
LOAD D:\embedded\f407_homework_Xuhan_Yang123\can_motor\build\Debug\system_stm32f4xx.o
LOAD D:\embedded\f407_homework_Xuhan_Yang123\can_motor\build\Debug\stm32f4xx_hal.o
LOAD D:\embedded\f407_homework_Xuhan_Yang123\can_motor\build\Debug\stm32f4xx_hal_can.o
LOAD D:\embedded\f407_homework_Xuhan_Yang123\can_motor\build\Debug\stm32f4xx_hal_cortex.o
LOAD D:\embedded\f407_homework_Xuhan_Yang123\can_motor\build\Debug\stm32f4xx_hal_dma.o
LOAD D:\embedded\f407_homework_Xuhan_Yang123\can_motor\build\Debug\stm32f4xx_hal_dma_ex.o
LOAD D:\embedded\f407_homework_Xuhan_Yang123\can_motor\build\Debug\stm32f4xx_hal_exti.o
LOAD D:\embedded\f407_homework_Xuhan_Yang123\can_motor\build\Debug\stm32f4xx_hal_flash.o
LOAD D:\embedded\f407_homework_Xuhan_Yang123\can_motor\build\Debug\stm32f4xx_hal_flash_ex.o
LOAD D:\embedded\f407_homework_Xuhan_Yang123\can_motor\build\Debug\stm32f4xx_hal_flash_ramfunc.o
LOAD D:\embedded\f407_homework_Xuhan_Yang123\can_motor\build\Debug\stm32f4xx_hal_gpio.o
LOAD D:\embedded\f407_homework_Xuhan_Yang123\can_motor\build\Debug\stm32f4xx_hal_pwr.o
LOAD D:\embedded\f407_homework_Xuhan_Yang123\can_motor\build\Debug\stm32f4xx_hal_pwr_ex.o
LOAD D:\embedded\f407_homework_Xuhan_Yang123\can_motor\build\Debug\stm32f4xx_hal_rcc.o
LOAD D:\embedded\f407_homework_Xuhan_Yang123\can_motor\build\Debug\stm32f4xx_hal_rcc_ex.o
LOAD D:\embedded\f407_homework_Xuhan_Yang123\can_motor\build\Debug\startup_stm32f407xx.o
LOAD D:/arm-gnu-toolchain-13.3.rel1-mingw-w64-i686-arm-none-eabi/bin/../lib/gcc/arm-none-eabi/13.3.1/thumb/v7e-m+fp/hard\libm.a
START GROUP
LOAD D:/arm-gnu-toolchain-13.3.rel1-mingw-w64-i686-arm-none-eabi/bin/../lib/gcc/arm-none-eabi/13.3.1/thumb/v7e-m+fp/hard\libgcc.a
LOAD D:/arm-gnu-toolchain-13.3.rel1-mingw-w64-i686-arm-none-eabi/bin/../lib/gcc/arm-none-eabi/13.3.1/thumb/v7e-m+fp/hard\libc_nano.a
END GROUP
START GROUP
LOAD D:/arm-gnu-toolchain-13.3.rel1-mingw-w64-i686-arm-none-eabi/bin/../lib/gcc/arm-none-eabi/13.3.1/thumb/v7e-m+fp/hard\libgcc.a
LOAD D:/arm-gnu-toolchain-13.3.rel1-mingw-w64-i686-arm-none-eabi/bin/../lib/gcc/arm-none-eabi/13.3.1/thumb/v7e-m+fp/hard\libc_nano.a
END GROUP
LOAD D:/arm-gnu-toolchain-13.3.rel1-mingw-w64-i686-arm-none-eabi/bin/../lib/gcc/arm-none-eabi/13.3.1/thumb/v7e-m+fp/hard/crtend.o
LOAD D:/arm-gnu-toolchain-13.3.rel1-mingw-w64-i686-arm-none-eabi/bin/../lib/gcc/arm-none-eabi/13.3.1/thumb/v7e-m+fp/hard/crtn.o
                0x20020000                        _estack = (ORIGIN (RAM) + LENGTH (RAM))
                0x2001fc00                        _sstack = (_estack - _Min_Stack_Size)
                0x00000200                        _Min_Heap_Size = 0x200
                0x00000400                        _Min_Stack_Size = 0x400

.isr_vector     0x08000000      0x188
                0x08000000                        . = ALIGN (0x4)
 *(.isr_vector)
 .isr_vector    0x08000000      0x188 D:\embedded\f407_homework_Xuhan_Yang123\can_motor\build\Debug\startup_stm32f407xx.o
                0x08000000                g_pfnVectors
                0x08000188                        . = ALIGN (0x4)

.text           0x08000188     0x25b4
                0x08000188                        . = ALIGN (0x4)
 *(.text)
 .text          0x08000188       0x30 D:/arm-gnu-toolchain-13.3.rel1-mingw-w64-i686-arm-none-eabi/bin/../lib/gcc/arm-none-eabi/13.3.1/thumb/v7e-m+fp/hard\libgcc.a(_aeabi_uldivmod.o)
                0x08000188                __aeabi_uldivmod
 .text          0x080001b8        0x4 D:/arm-gnu-toolchain-13.3.rel1-mingw-w64-i686-arm-none-eabi/bin/../lib/gcc/arm-none-eabi/13.3.1/thumb/v7e-m+fp/hard\libgcc.a(_dvmd_tls.o)
                0x080001b8                __aeabi_idiv0
                0x080001b8                __aeabi_ldiv0
 *(.text*)
 .text.deregister_tm_clones
                0x080001bc       0x1c D:/arm-gnu-toolchain-13.3.rel1-mingw-w64-i686-arm-none-eabi/bin/../lib/gcc/arm-none-eabi/13.3.1/thumb/v7e-m+fp/hard/crtbegin.o
 .text.register_tm_clones
                0x080001d8       0x24 D:/arm-gnu-toolchain-13.3.rel1-mingw-w64-i686-arm-none-eabi/bin/../lib/gcc/arm-none-eabi/13.3.1/thumb/v7e-m+fp/hard/crtbegin.o
 .text.__do_global_dtors_aux
                0x080001fc       0x28 D:/arm-gnu-toolchain-13.3.rel1-mingw-w64-i686-arm-none-eabi/bin/../lib/gcc/arm-none-eabi/13.3.1/thumb/v7e-m+fp/hard/crtbegin.o
 .text.frame_dummy
                0x08000224       0x24 D:/arm-gnu-toolchain-13.3.rel1-mingw-w64-i686-arm-none-eabi/bin/../lib/gcc/arm-none-eabi/13.3.1/thumb/v7e-m+fp/hard/crtbegin.o
 .text.main     0x08000248       0xd4 D:\embedded\f407_homework_Xuhan_Yang123\can_motor\build\Debug\main.o
                0x08000248                main
 .text.SystemClock_Config
                0x0800031c       0xd4 D:\embedded\f407_homework_Xuhan_Yang123\can_motor\build\Debug\main.o
                0x0800031c                SystemClock_Config
 .text.MX_CAN1_Init
                0x080003f0       0xdc D:\embedded\f407_homework_Xuhan_Yang123\can_motor\build\Debug\main.o
 .text.MX_GPIO_Init
                0x080004cc       0xa4 D:\embedded\f407_homework_Xuhan_Yang123\can_motor\build\Debug\main.o
 .text.HAL_CAN_RxFifo0MsgPendingCallback
                0x08000570       0xac D:\embedded\f407_homework_Xuhan_Yang123\can_motor\build\Debug\main.o
                0x08000570                HAL_CAN_RxFifo0MsgPendingCallback
 .text.Error_Handler
                0x0800061c        0xc D:\embedded\f407_homework_Xuhan_Yang123\can_motor\build\Debug\main.o
                0x0800061c                Error_Handler
 .text.NMI_Handler
                0x08000628        0x8 D:\embedded\f407_homework_Xuhan_Yang123\can_motor\build\Debug\stm32f4xx_it.o
                0x08000628                NMI_Handler
 .text.HardFault_Handler
                0x08000630        0x8 D:\embedded\f407_homework_Xuhan_Yang123\can_motor\build\Debug\stm32f4xx_it.o
                0x08000630                HardFault_Handler
 .text.MemManage_Handler
                0x08000638        0x8 D:\embedded\f407_homework_Xuhan_Yang123\can_motor\build\Debug\stm32f4xx_it.o
                0x08000638                MemManage_Handler
 .text.BusFault_Handler
                0x08000640        0x8 D:\embedded\f407_homework_Xuhan_Yang123\can_motor\build\Debug\stm32f4xx_it.o
                0x08000640                BusFault_Handler
 .text.UsageFault_Handler
                0x08000648        0x8 D:\embedded\f407_homework_Xuhan_Yang123\can_motor\build\Debug\stm32f4xx_it.o
                0x08000648                UsageFault_Handler
 .text.SVC_Handler
                0x08000650        0xe D:\embedded\f407_homework_Xuhan_Yang123\can_motor\build\Debug\stm32f4xx_it.o
                0x08000650                SVC_Handler
 .text.DebugMon_Handler
                0x0800065e        0xe D:\embedded\f407_homework_Xuhan_Yang123\can_motor\build\Debug\stm32f4xx_it.o
                0x0800065e                DebugMon_Handler
 .text.PendSV_Handler
                0x0800066c        0xe D:\embedded\f407_homework_Xuhan_Yang123\can_motor\build\Debug\stm32f4xx_it.o
                0x0800066c                PendSV_Handler
 .text.SysTick_Handler
                0x0800067a        0xc D:\embedded\f407_homework_Xuhan_Yang123\can_motor\build\Debug\stm32f4xx_it.o
                0x0800067a                SysTick_Handler
 *fill*         0x08000686        0x2 
 .text.CAN1_RX0_IRQHandler
                0x08000688       0x14 D:\embedded\f407_homework_Xuhan_Yang123\can_motor\build\Debug\stm32f4xx_it.o
                0x08000688                CAN1_RX0_IRQHandler
 .text.HAL_MspInit
                0x0800069c       0x50 D:\embedded\f407_homework_Xuhan_Yang123\can_motor\build\Debug\stm32f4xx_hal_msp.o
                0x0800069c                HAL_MspInit
 .text.HAL_CAN_MspInit
                0x080006ec       0xa0 D:\embedded\f407_homework_Xuhan_Yang123\can_motor\build\Debug\stm32f4xx_hal_msp.o
                0x080006ec                HAL_CAN_MspInit
 .text.SystemInit
                0x0800078c       0x24 D:\embedded\f407_homework_Xuhan_Yang123\can_motor\build\Debug\system_stm32f4xx.o
                0x0800078c                SystemInit
 .text.HAL_Init
                0x080007b0       0x44 D:\embedded\f407_homework_Xuhan_Yang123\can_motor\build\Debug\stm32f4xx_hal.o
                0x080007b0                HAL_Init
 .text.HAL_InitTick
                0x080007f4       0x60 D:\embedded\f407_homework_Xuhan_Yang123\can_motor\build\Debug\stm32f4xx_hal.o
                0x080007f4                HAL_InitTick
 .text.HAL_IncTick
                0x08000854       0x28 D:\embedded\f407_homework_Xuhan_Yang123\can_motor\build\Debug\stm32f4xx_hal.o
                0x08000854                HAL_IncTick
 .text.HAL_GetTick
                0x0800087c       0x18 D:\embedded\f407_homework_Xuhan_Yang123\can_motor\build\Debug\stm32f4xx_hal.o
                0x0800087c                HAL_GetTick
 .text.HAL_CAN_Init
                0x08000894      0x1f6 D:\embedded\f407_homework_Xuhan_Yang123\can_motor\build\Debug\stm32f4xx_hal_can.o
                0x08000894                HAL_CAN_Init
 *fill*         0x08000a8a        0x2 
 .text.HAL_CAN_ConfigFilter
                0x08000a8c      0x1bc D:\embedded\f407_homework_Xuhan_Yang123\can_motor\build\Debug\stm32f4xx_hal_can.o
                0x08000a8c                HAL_CAN_ConfigFilter
 .text.HAL_CAN_Start
                0x08000c48       0x88 D:\embedded\f407_homework_Xuhan_Yang123\can_motor\build\Debug\stm32f4xx_hal_can.o
                0x08000c48                HAL_CAN_Start
 .text.HAL_CAN_AddTxMessage
                0x08000cd0      0x1a0 D:\embedded\f407_homework_Xuhan_Yang123\can_motor\build\Debug\stm32f4xx_hal_can.o
                0x08000cd0                HAL_CAN_AddTxMessage
 .text.HAL_CAN_GetRxMessage
                0x08000e70      0x244 D:\embedded\f407_homework_Xuhan_Yang123\can_motor\build\Debug\stm32f4xx_hal_can.o
                0x08000e70                HAL_CAN_GetRxMessage
 .text.HAL_CAN_GetRxFifoFillLevel
                0x080010b4       0x50 D:\embedded\f407_homework_Xuhan_Yang123\can_motor\build\Debug\stm32f4xx_hal_can.o
                0x080010b4                HAL_CAN_GetRxFifoFillLevel
 .text.HAL_CAN_ActivateNotification
                0x08001104       0x4c D:\embedded\f407_homework_Xuhan_Yang123\can_motor\build\Debug\stm32f4xx_hal_can.o
                0x08001104                HAL_CAN_ActivateNotification
 .text.HAL_CAN_IRQHandler
                0x08001150      0x36e D:\embedded\f407_homework_Xuhan_Yang123\can_motor\build\Debug\stm32f4xx_hal_can.o
                0x08001150                HAL_CAN_IRQHandler
 .text.HAL_CAN_TxMailbox0CompleteCallback
                0x080014be       0x14 D:\embedded\f407_homework_Xuhan_Yang123\can_motor\build\Debug\stm32f4xx_hal_can.o
                0x080014be                HAL_CAN_TxMailbox0CompleteCallback
 .text.HAL_CAN_TxMailbox1CompleteCallback
                0x080014d2       0x14 D:\embedded\f407_homework_Xuhan_Yang123\can_motor\build\Debug\stm32f4xx_hal_can.o
                0x080014d2                HAL_CAN_TxMailbox1CompleteCallback
 .text.HAL_CAN_TxMailbox2CompleteCallback
                0x080014e6       0x14 D:\embedded\f407_homework_Xuhan_Yang123\can_motor\build\Debug\stm32f4xx_hal_can.o
                0x080014e6                HAL_CAN_TxMailbox2CompleteCallback
 .text.HAL_CAN_TxMailbox0AbortCallback
                0x080014fa       0x14 D:\embedded\f407_homework_Xuhan_Yang123\can_motor\build\Debug\stm32f4xx_hal_can.o
                0x080014fa                HAL_CAN_TxMailbox0AbortCallback
 .text.HAL_CAN_TxMailbox1AbortCallback
                0x0800150e       0x14 D:\embedded\f407_homework_Xuhan_Yang123\can_motor\build\Debug\stm32f4xx_hal_can.o
                0x0800150e                HAL_CAN_TxMailbox1AbortCallback
 .text.HAL_CAN_TxMailbox2AbortCallback
                0x08001522       0x14 D:\embedded\f407_homework_Xuhan_Yang123\can_motor\build\Debug\stm32f4xx_hal_can.o
                0x08001522                HAL_CAN_TxMailbox2AbortCallback
 .text.HAL_CAN_RxFifo0FullCallback
                0x08001536       0x14 D:\embedded\f407_homework_Xuhan_Yang123\can_motor\build\Debug\stm32f4xx_hal_can.o
                0x08001536                HAL_CAN_RxFifo0FullCallback
 .text.HAL_CAN_RxFifo1MsgPendingCallback
                0x0800154a       0x14 D:\embedded\f407_homework_Xuhan_Yang123\can_motor\build\Debug\stm32f4xx_hal_can.o
                0x0800154a                HAL_CAN_RxFifo1MsgPendingCallback
 .text.HAL_CAN_RxFifo1FullCallback
                0x0800155e       0x14 D:\embedded\f407_homework_Xuhan_Yang123\can_motor\build\Debug\stm32f4xx_hal_can.o
                0x0800155e                HAL_CAN_RxFifo1FullCallback
 .text.HAL_CAN_SleepCallback
                0x08001572       0x14 D:\embedded\f407_homework_Xuhan_Yang123\can_motor\build\Debug\stm32f4xx_hal_can.o
                0x08001572                HAL_CAN_SleepCallback
 .text.HAL_CAN_WakeUpFromRxMsgCallback
                0x08001586       0x14 D:\embedded\f407_homework_Xuhan_Yang123\can_motor\build\Debug\stm32f4xx_hal_can.o
                0x08001586                HAL_CAN_WakeUpFromRxMsgCallback
 .text.HAL_CAN_ErrorCallback
                0x0800159a       0x14 D:\embedded\f407_homework_Xuhan_Yang123\can_motor\build\Debug\stm32f4xx_hal_can.o
                0x0800159a                HAL_CAN_ErrorCallback
 *fill*         0x080015ae        0x2 
 .text.__NVIC_SetPriorityGrouping
                0x080015b0       0x48 D:\embedded\f407_homework_Xuhan_Yang123\can_motor\build\Debug\stm32f4xx_hal_cortex.o
 .text.__NVIC_GetPriorityGrouping
                0x080015f8       0x1c D:\embedded\f407_homework_Xuhan_Yang123\can_motor\build\Debug\stm32f4xx_hal_cortex.o
 .text.__NVIC_EnableIRQ
                0x08001614       0x3c D:\embedded\f407_homework_Xuhan_Yang123\can_motor\build\Debug\stm32f4xx_hal_cortex.o
 .text.__NVIC_SetPriority
                0x08001650       0x54 D:\embedded\f407_homework_Xuhan_Yang123\can_motor\build\Debug\stm32f4xx_hal_cortex.o
 .text.NVIC_EncodePriority
                0x080016a4       0x66 D:\embedded\f407_homework_Xuhan_Yang123\can_motor\build\Debug\stm32f4xx_hal_cortex.o
 *fill*         0x0800170a        0x2 
 .text.SysTick_Config
                0x0800170c       0x44 D:\embedded\f407_homework_Xuhan_Yang123\can_motor\build\Debug\stm32f4xx_hal_cortex.o
 .text.HAL_NVIC_SetPriorityGrouping
                0x08001750       0x16 D:\embedded\f407_homework_Xuhan_Yang123\can_motor\build\Debug\stm32f4xx_hal_cortex.o
                0x08001750                HAL_NVIC_SetPriorityGrouping
 .text.HAL_NVIC_SetPriority
                0x08001766       0x38 D:\embedded\f407_homework_Xuhan_Yang123\can_motor\build\Debug\stm32f4xx_hal_cortex.o
                0x08001766                HAL_NVIC_SetPriority
 .text.HAL_NVIC_EnableIRQ
                0x0800179e       0x1c D:\embedded\f407_homework_Xuhan_Yang123\can_motor\build\Debug\stm32f4xx_hal_cortex.o
                0x0800179e                HAL_NVIC_EnableIRQ
 .text.HAL_SYSTICK_Config
                0x080017ba       0x18 D:\embedded\f407_homework_Xuhan_Yang123\can_motor\build\Debug\stm32f4xx_hal_cortex.o
                0x080017ba                HAL_SYSTICK_Config
 *fill*         0x080017d2        0x2 
 .text.HAL_GPIO_Init
                0x080017d4      0x338 D:\embedded\f407_homework_Xuhan_Yang123\can_motor\build\Debug\stm32f4xx_hal_gpio.o
                0x080017d4                HAL_GPIO_Init
 .text.HAL_GPIO_WritePin
                0x08001b0c       0x32 D:\embedded\f407_homework_Xuhan_Yang123\can_motor\build\Debug\stm32f4xx_hal_gpio.o
                0x08001b0c                HAL_GPIO_WritePin
 .text.HAL_GPIO_TogglePin
                0x08001b3e       0x34 D:\embedded\f407_homework_Xuhan_Yang123\can_motor\build\Debug\stm32f4xx_hal_gpio.o
                0x08001b3e                HAL_GPIO_TogglePin
 *fill*         0x08001b72        0x2 
 .text.HAL_RCC_OscConfig
                0x08001b74      0x4f0 D:\embedded\f407_homework_Xuhan_Yang123\can_motor\build\Debug\stm32f4xx_hal_rcc.o
                0x08001b74                HAL_RCC_OscConfig
 .text.HAL_RCC_ClockConfig
                0x08002064      0x1cc D:\embedded\f407_homework_Xuhan_Yang123\can_motor\build\Debug\stm32f4xx_hal_rcc.o
                0x08002064                HAL_RCC_ClockConfig
 .text.HAL_RCC_GetSysClockFreq
                0x08002230      0x18c D:\embedded\f407_homework_Xuhan_Yang123\can_motor\build\Debug\stm32f4xx_hal_rcc.o
                0x08002230                HAL_RCC_GetSysClockFreq
 .text.Reset_Handler
                0x080023bc       0x50 D:\embedded\f407_homework_Xuhan_Yang123\can_motor\build\Debug\startup_stm32f407xx.o
                0x080023bc                Reset_Handler
 .text.Default_Handler
                0x0800240c        0x2 D:\embedded\f407_homework_Xuhan_Yang123\can_motor\build\Debug\startup_stm32f407xx.o
                0x0800240c                RTC_Alarm_IRQHandler
                0x0800240c                HASH_RNG_IRQHandler
                0x0800240c                EXTI2_IRQHandler
                0x0800240c                TIM8_CC_IRQHandler
                0x0800240c                TIM1_CC_IRQHandler
                0x0800240c                DMA2_Stream5_IRQHandler
                0x0800240c                DMA1_Stream5_IRQHandler
                0x0800240c                PVD_IRQHandler
                0x0800240c                SDIO_IRQHandler
                0x0800240c                TAMP_STAMP_IRQHandler
                0x0800240c                CAN2_RX1_IRQHandler
                0x0800240c                EXTI3_IRQHandler
                0x0800240c                TIM8_TRG_COM_TIM14_IRQHandler
                0x0800240c                TIM1_UP_TIM10_IRQHandler
                0x0800240c                TIM8_UP_TIM13_IRQHandler
                0x0800240c                I2C3_ER_IRQHandler
                0x0800240c                EXTI0_IRQHandler
                0x0800240c                I2C2_EV_IRQHandler
                0x0800240c                DMA1_Stream2_IRQHandler
                0x0800240c                FPU_IRQHandler
                0x0800240c                OTG_HS_WKUP_IRQHandler
                0x0800240c                CAN2_SCE_IRQHandler
                0x0800240c                DMA2_Stream2_IRQHandler
                0x0800240c                SPI1_IRQHandler
                0x0800240c                TIM6_DAC_IRQHandler
                0x0800240c                TIM1_BRK_TIM9_IRQHandler
                0x0800240c                DCMI_IRQHandler
                0x0800240c                CAN2_RX0_IRQHandler
                0x0800240c                DMA2_Stream3_IRQHandler
                0x0800240c                USART6_IRQHandler
                0x0800240c                USART3_IRQHandler
                0x0800240c                CAN1_RX1_IRQHandler
                0x0800240c                UART5_IRQHandler
                0x0800240c                DMA2_Stream0_IRQHandler
                0x0800240c                TIM4_IRQHandler
                0x0800240c                I2C1_EV_IRQHandler
                0x0800240c                DMA1_Stream6_IRQHandler
                0x0800240c                DMA1_Stream1_IRQHandler
                0x0800240c                UART4_IRQHandler
                0x0800240c                TIM3_IRQHandler
                0x0800240c                RCC_IRQHandler
                0x0800240c                TIM8_BRK_TIM12_IRQHandler
                0x0800240c                Default_Handler
                0x0800240c                EXTI15_10_IRQHandler
                0x0800240c                ADC_IRQHandler
                0x0800240c                DMA1_Stream7_IRQHandler
                0x0800240c                TIM7_IRQHandler
                0x0800240c                CAN2_TX_IRQHandler
                0x0800240c                TIM5_IRQHandler
                0x0800240c                DMA2_Stream7_IRQHandler
                0x0800240c                I2C3_EV_IRQHandler
                0x0800240c                EXTI9_5_IRQHandler
                0x0800240c                RTC_WKUP_IRQHandler
                0x0800240c                ETH_WKUP_IRQHandler
                0x0800240c                SPI2_IRQHandler
                0x0800240c                OTG_HS_EP1_IN_IRQHandler
                0x0800240c                DMA1_Stream0_IRQHandler
                0x0800240c                CAN1_TX_IRQHandler
                0x0800240c                EXTI4_IRQHandler
                0x0800240c                FSMC_IRQHandler
                0x0800240c                ETH_IRQHandler
                0x0800240c                OTG_HS_EP1_OUT_IRQHandler
                0x0800240c                WWDG_IRQHandler
                0x0800240c                TIM2_IRQHandler
                0x0800240c                OTG_FS_WKUP_IRQHandler
                0x0800240c                TIM1_TRG_COM_TIM11_IRQHandler
                0x0800240c                OTG_HS_IRQHandler
                0x0800240c                EXTI1_IRQHandler
                0x0800240c                USART2_IRQHandler
                0x0800240c                I2C2_ER_IRQHandler
                0x0800240c                DMA2_Stream1_IRQHandler
                0x0800240c                CAN1_SCE_IRQHandler
                0x0800240c                FLASH_IRQHandler
                0x0800240c                DMA2_Stream4_IRQHandler
                0x0800240c                USART1_IRQHandler
                0x0800240c                OTG_FS_IRQHandler
                0x0800240c                SPI3_IRQHandler
                0x0800240c                DMA1_Stream4_IRQHandler
                0x0800240c                I2C1_ER_IRQHandler
                0x0800240c                DMA2_Stream6_IRQHandler
                0x0800240c                DMA1_Stream3_IRQHandler
 *fill*         0x0800240e        0x2 
 .text.__udivmoddi4
                0x08002410      0x2bc D:/arm-gnu-toolchain-13.3.rel1-mingw-w64-i686-arm-none-eabi/bin/../lib/gcc/arm-none-eabi/13.3.1/thumb/v7e-m+fp/hard\libgcc.a(_udivmoddi4.o)
                0x08002410                __udivmoddi4
 .text.memset   0x080026cc       0x10 D:/arm-gnu-toolchain-13.3.rel1-mingw-w64-i686-arm-none-eabi/bin/../lib/gcc/arm-none-eabi/13.3.1/thumb/v7e-m+fp/hard\libc_nano.a(libc_a-memset.o)
                0x080026cc                memset
 .text.__libc_init_array
                0x080026dc       0x48 D:/arm-gnu-toolchain-13.3.rel1-mingw-w64-i686-arm-none-eabi/bin/../lib/gcc/arm-none-eabi/13.3.1/thumb/v7e-m+fp/hard\libc_nano.a(libc_a-init.o)
                0x080026dc                __libc_init_array
 *(.glue_7)
 .glue_7        0x08002724        0x0 linker stubs
 *(.glue_7t)
 .glue_7t       0x08002724        0x0 linker stubs
 *(.eh_frame)
 .eh_frame      0x08002724        0x0 D:/arm-gnu-toolchain-13.3.rel1-mingw-w64-i686-arm-none-eabi/bin/../lib/gcc/arm-none-eabi/13.3.1/thumb/v7e-m+fp/hard/crtbegin.o
 *(.init)
 .init          0x08002724        0x4 D:/arm-gnu-toolchain-13.3.rel1-mingw-w64-i686-arm-none-eabi/bin/../lib/gcc/arm-none-eabi/13.3.1/thumb/v7e-m+fp/hard/crti.o
                0x08002724                _init
 .init          0x08002728        0x8 D:/arm-gnu-toolchain-13.3.rel1-mingw-w64-i686-arm-none-eabi/bin/../lib/gcc/arm-none-eabi/13.3.1/thumb/v7e-m+fp/hard/crtn.o
 *(.fini)
 .fini          0x08002730        0x4 D:/arm-gnu-toolchain-13.3.rel1-mingw-w64-i686-arm-none-eabi/bin/../lib/gcc/arm-none-eabi/13.3.1/thumb/v7e-m+fp/hard/crti.o
                0x08002730                _fini
 .fini          0x08002734        0x8 D:/arm-gnu-toolchain-13.3.rel1-mingw-w64-i686-arm-none-eabi/bin/../lib/gcc/arm-none-eabi/13.3.1/thumb/v7e-m+fp/hard/crtn.o
                0x0800273c                        . = ALIGN (0x4)
                0x0800273c                        _etext = .

.vfp11_veneer   0x0800273c        0x0
 .vfp11_veneer  0x0800273c        0x0 linker stubs

.v4_bx          0x0800273c        0x0
 .v4_bx         0x0800273c        0x0 linker stubs

.iplt           0x0800273c        0x0
 .iplt          0x0800273c        0x0 D:/arm-gnu-toolchain-13.3.rel1-mingw-w64-i686-arm-none-eabi/bin/../lib/gcc/arm-none-eabi/13.3.1/thumb/v7e-m+fp/hard/crtbegin.o

.rodata         0x0800273c       0x10
                0x0800273c                        . = ALIGN (0x4)
 *(.rodata)
 *(.rodata*)
 .rodata.AHBPrescTable
                0x0800273c       0x10 D:\embedded\f407_homework_Xuhan_Yang123\can_motor\build\Debug\system_stm32f4xx.o
                0x0800273c                AHBPrescTable
                0x0800274c                        . = ALIGN (0x4)

.ARM.extab      0x0800274c        0x0
                0x0800274c                        . = ALIGN (0x4)
 *(.ARM.extab* .gnu.linkonce.armextab.*)
                0x0800274c                        . = ALIGN (0x4)

.ARM            0x0800274c        0x8
                0x0800274c                        . = ALIGN (0x4)
                0x0800274c                        __exidx_start = .
 *(.ARM.exidx*)
 .ARM.exidx.text.__udivmoddi4
                0x0800274c        0x8 D:/arm-gnu-toolchain-13.3.rel1-mingw-w64-i686-arm-none-eabi/bin/../lib/gcc/arm-none-eabi/13.3.1/thumb/v7e-m+fp/hard\libgcc.a(_udivmoddi4.o)
                0x08002754                        __exidx_end = .
                0x08002754                        . = ALIGN (0x4)

.preinit_array  0x08002754        0x0
                0x08002754                        . = ALIGN (0x4)
                0x08002754                        PROVIDE (__preinit_array_start = .)
 *(.preinit_array*)
                0x08002754                        PROVIDE (__preinit_array_end = .)
                0x08002754                        . = ALIGN (0x4)

.init_array     0x08002754        0x4
                0x08002754                        . = ALIGN (0x4)
                0x08002754                        PROVIDE (__init_array_start = .)
 *(SORT_BY_NAME(.init_array.*))
 *(.init_array*)
 .init_array    0x08002754        0x4 D:/arm-gnu-toolchain-13.3.rel1-mingw-w64-i686-arm-none-eabi/bin/../lib/gcc/arm-none-eabi/13.3.1/thumb/v7e-m+fp/hard/crtbegin.o
                0x08002758                        PROVIDE (__init_array_end = .)
                0x08002758                        . = ALIGN (0x4)

.fini_array     0x08002758        0x4
                0x08002758                        . = ALIGN (0x4)
                [!provide]                        PROVIDE (__fini_array_start = .)
 *(SORT_BY_NAME(.fini_array.*))
 *(.fini_array*)
 .fini_array    0x08002758        0x4 D:/arm-gnu-toolchain-13.3.rel1-mingw-w64-i686-arm-none-eabi/bin/../lib/gcc/arm-none-eabi/13.3.1/thumb/v7e-m+fp/hard/crtbegin.o
                [!provide]                        PROVIDE (__fini_array_end = .)
                0x0800275c                        . = ALIGN (0x4)
                0x0800275c                        _siccmram = LOADADDR (.ccmram)

.rel.dyn        0x0800275c        0x0
 .rel.iplt      0x0800275c        0x0 D:/arm-gnu-toolchain-13.3.rel1-mingw-w64-i686-arm-none-eabi/bin/../lib/gcc/arm-none-eabi/13.3.1/thumb/v7e-m+fp/hard/crtbegin.o

.ccmram         0x10000000        0x0 load address 0x0800275c
                0x10000000                        . = ALIGN (0x4)
                0x10000000                        _sccmram = .
 *(.ccmram)
 *(.ccmram*)
                0x10000000                        . = ALIGN (0x4)
                0x10000000                        _eccmram = .
                0x0800275c                        _sidata = LOADADDR (.data)

.data           0x20000000        0xc load address 0x0800275c
                0x20000000                        . = ALIGN (0x4)
                0x20000000                        _sdata = .
 *(.data)
 *(.data*)
 .data.SystemCoreClock
                0x20000000        0x4 D:\embedded\f407_homework_Xuhan_Yang123\can_motor\build\Debug\system_stm32f4xx.o
                0x20000000                SystemCoreClock
 .data.uwTickPrio
                0x20000004        0x4 D:\embedded\f407_homework_Xuhan_Yang123\can_motor\build\Debug\stm32f4xx_hal.o
                0x20000004                uwTickPrio
 .data.uwTickFreq
                0x20000008        0x1 D:\embedded\f407_homework_Xuhan_Yang123\can_motor\build\Debug\stm32f4xx_hal.o
                0x20000008                uwTickFreq
 *(.RamFunc)
 *(.RamFunc*)
                0x2000000c                        . = ALIGN (0x4)
 *fill*         0x20000009        0x3 

.tm_clone_table
                0x2000000c        0x0 load address 0x08002768
 .tm_clone_table
                0x2000000c        0x0 D:/arm-gnu-toolchain-13.3.rel1-mingw-w64-i686-arm-none-eabi/bin/../lib/gcc/arm-none-eabi/13.3.1/thumb/v7e-m+fp/hard/crtbegin.o
 .tm_clone_table
                0x2000000c        0x0 D:/arm-gnu-toolchain-13.3.rel1-mingw-w64-i686-arm-none-eabi/bin/../lib/gcc/arm-none-eabi/13.3.1/thumb/v7e-m+fp/hard/crtend.o

.igot.plt       0x2000000c        0x0 load address 0x08002768
 .igot.plt      0x2000000c        0x0 D:/arm-gnu-toolchain-13.3.rel1-mingw-w64-i686-arm-none-eabi/bin/../lib/gcc/arm-none-eabi/13.3.1/thumb/v7e-m+fp/hard/crtbegin.o

.tdata          0x2000000c        0x0 load address 0x08002768
 *(.tdata .tdata.* .gnu.linkonce.td.*)
                0x2000000c                        . = ALIGN (0x4)
                0x2000000c                        _edata = .
                [!provide]                        PROVIDE (__data_end = .)
                [!provide]                        PROVIDE (__tdata_end = .)
                [!provide]                        PROVIDE (__tdata_start = ADDR (.tdata))
                [!provide]                        PROVIDE (__tdata_size = (__tdata_end - __tdata_start))
                [!provide]                        PROVIDE (__data_start = ADDR (.data))
                [!provide]                        PROVIDE (__data_size = (__data_end - __data_start))
                [!provide]                        PROVIDE (__tdata_source = LOADADDR (.tdata))
                [!provide]                        PROVIDE (__tdata_source_end = (LOADADDR (.tdata) + SIZEOF (.tdata)))
                [!provide]                        PROVIDE (__tdata_source_size = (__tdata_source_end - __tdata_source))
                [!provide]                        PROVIDE (__data_source = LOADADDR (.data))
                [!provide]                        PROVIDE (__data_source_end = __tdata_source_end)
                [!provide]                        PROVIDE (__data_source_size = (__data_source_end - __data_source))

.tbss           0x2000000c        0x0 load address 0x08002768
                0x2000000c                        _sbss = .
                0x2000000c                        __bss_start__ = _sbss
 *(.tbss .tbss.*)
                0x2000000c                        . = ALIGN (0x4)
                [!provide]                        PROVIDE (__tbss_end = .)
                [!provide]                        PROVIDE (__tbss_start = ADDR (.tbss))
                [!provide]                        PROVIDE (__tbss_size = (__tbss_end - __tbss_start))
                [!provide]                        PROVIDE (__tbss_offset = (ADDR (.tbss) - ADDR (.tdata)))
                [!provide]                        PROVIDE (__tls_base = __tdata_start)
                [!provide]                        PROVIDE (__tls_end = __tbss_end)
                [!provide]                        PROVIDE (__tls_size = (__tls_end - __tls_base))
                [!provide]                        PROVIDE (__tls_align = MAX (ALIGNOF (.tdata), ALIGNOF (.tbss)))
                [!provide]                        PROVIDE (__tls_size_align = (((__tls_size + __tls_align) - 0x1) & ~ ((__tls_align - 0x1))))
                [!provide]                        PROVIDE (__arm32_tls_tcb_offset = MAX (0x8, __tls_align))
                [!provide]                        PROVIDE (__arm64_tls_tcb_offset = MAX (0x10, __tls_align))

.bss            0x2000000c       0x4c load address 0x08002768
 *(.bss)
 *(.bss*)
 .bss.completed.1
                0x2000000c        0x1 D:/arm-gnu-toolchain-13.3.rel1-mingw-w64-i686-arm-none-eabi/bin/../lib/gcc/arm-none-eabi/13.3.1/thumb/v7e-m+fp/hard/crtbegin.o
 *fill*         0x2000000d        0x3 
 .bss.object.0  0x20000010       0x18 D:/arm-gnu-toolchain-13.3.rel1-mingw-w64-i686-arm-none-eabi/bin/../lib/gcc/arm-none-eabi/13.3.1/thumb/v7e-m+fp/hard/crtbegin.o
 .bss.hcan1     0x20000028       0x28 D:\embedded\f407_homework_Xuhan_Yang123\can_motor\build\Debug\main.o
                0x20000028                hcan1
 .bss.rx_frame_cnt
                0x20000050        0x4 D:\embedded\f407_homework_Xuhan_Yang123\can_motor\build\Debug\main.o
 .bss.uwTick    0x20000054        0x4 D:\embedded\f407_homework_Xuhan_Yang123\can_motor\build\Debug\stm32f4xx_hal.o
                0x20000054                uwTick
 *(COMMON)
                0x20000058                        . = ALIGN (0x4)
                0x20000058                        _ebss = .
                0x20000058                        __bss_end__ = _ebss
                [!provide]                        PROVIDE (__bss_end = .)
                [!provide]                        PROVIDE (__non_tls_bss_start = ADDR (.bss))
                [!provide]                        PROVIDE (__bss_start = __tbss_start)
                [!provide]                        PROVIDE (__bss_size = (__bss_end - __bss_start))

._user_heap_stack
                0x20000058      0x600 load address 0x08002768
                0x20000058                        . = ALIGN (0x8)
                [!provide]                        PROVIDE (end = .)
                0x20000058                        PROVIDE (_end = .)
                0x20000258                        . = (. + _Min_Heap_Size)
 *fill*         0x20000058      0x200 
                0x20000658                        . = (. + _Min_Stack_Size)
 *fill*         0x20000258      0x400 
                0x20000658                        . = ALIGN (0x8)

/DISCARD/
 libc.a:*(*)
 libm.a:*(*)
 libgcc.a:*(*)
OUTPUT(D:\embedded\f407_homework_Xuhan_Yang123\can_motor\build\Debug\can_motor.elf elf32-littlearm)
LOAD linker stubs

.ARM.attributes
                0x00000000       0x30
 .ARM.attributes
                0x00000000       0x22 D:/arm-gnu-toolchain-13.3.rel1-mingw-w64-i686-arm-none-eabi/bin/../lib/gcc/arm-none-eabi/13.3.1/thumb/v7e-m+fp/hard/crti.o
 .ARM.attributes
                0x00000022       0x34 D:/arm-gnu-toolchain-13.3.rel1-mingw-w64-i686-arm-none-eabi/bin/../lib/gcc/arm-none-eabi/13.3.1/thumb/v7e-m+fp/hard/crtbegin.o
 .ARM.attributes
                0x00000056       0x34 D:\embedded\f407_homework_Xuhan_Yang123\can_motor\build\Debug\main.o
 .ARM.attributes
                0x0000008a       0x34 D:\embedded\f407_homework_Xuhan_Yang123\can_motor\build\Debug\stm32f4xx_it.o
 .ARM.attributes
                0x000000be       0x34 D:\embedded\f407_homework_Xuhan_Yang123\can_motor\build\Debug\stm32f4xx_hal_msp.o
 .ARM.attributes
                0x000000f2       0x34 D:\embedded\f407_homework_Xuhan_Yang123\can_motor\build\Debug\system_stm32f4xx.o
 .ARM.attributes
                0x00000126       0x34 D:\embedded\f407_homework_Xuhan_Yang123\can_motor\build\Debug\stm32f4xx_hal.o
 .ARM.attributes
                0x0000015a       0x34 D:\embedded\f407_homework_Xuhan_Yang123\can_motor\build\Debug\stm32f4xx_hal_can.o
 .ARM.attributes
                0x0000018e       0x34 D:\embedded\f407_homework_Xuhan_Yang123\can_motor\build\Debug\stm32f4xx_hal_cortex.o
 .ARM.attributes
                0x000001c2       0x34 D:\embedded\f407_homework_Xuhan_Yang123\can_motor\build\Debug\stm32f4xx_hal_gpio.o
 .ARM.attributes
                0x000001f6       0x34 D:\embedded\f407_homework_Xuhan_Yang123\can_motor\build\Debug\stm32f4xx_hal_rcc.o
 .ARM.attributes
                0x0000022a       0x21 D:\embedded\f407_homework_Xuhan_Yang123\can_motor\build\Debug\startup_stm32f407xx.o
 .ARM.attributes
                0x0000024b       0x22 D:/arm-gnu-toolchain-13.3.rel1-mingw-w64-i686-arm-none-eabi/bin/../lib/gcc/arm-none-eabi/13.3.1/thumb/v7e-m+fp/hard\libgcc.a(_aeabi_uldivmod.o)
 .ARM.attributes
                0x0000026d       0x34 D:/arm-gnu-toolchain-13.3.rel1-mingw-w64-i686-arm-none-eabi/bin/../lib/gcc/arm-none-eabi/13.3.1/thumb/v7e-m+fp/hard\libgcc.a(_udivmoddi4.o)
 .ARM.attributes
                0x000002a1       0x22 D:/arm-gnu-toolchain-13.3.rel1-mingw-w64-i686-arm-none-eabi/bin/../lib/gcc/arm-none-eabi/13.3.1/thumb/v7e-m+fp/hard\libgcc.a(_dvmd_tls.o)
 .ARM.attributes
                0x000002c3       0x34 D:/arm-gnu-toolchain-13.3.rel1-mingw-w64-i686-arm-none-eabi/bin/../lib/gcc/arm-none-eabi/13.3.1/thumb/v7e-m+fp/hard\libc_nano.a(libc_a-memset.o)
 .ARM.attributes
                0x000002f7       0x34 D:/arm-gnu-toolchain-13.3.rel1-mingw-w64-i686-arm-none-eabi/bin/../lib/gcc/arm-none-eabi/13.3.1/thumb/v7e-m+fp/hard\libc_nano.a(libc_a-init.o)
 .ARM.attributes
                0x0000032b       0x34 D:/arm-gnu-toolchain-13.3.rel1-mingw-w64-i686-arm-none-eabi/bin/../lib/gcc/arm-none-eabi/13.3.1/thumb/v7e-m+fp/hard/crtend.o
 .ARM.attributes
                0x0000035f       0x22 D:/arm-gnu-toolchain-13.3.rel1-mingw-w64-i686-arm-none-eabi/bin/../lib/gcc/arm-none-eabi/13.3.1/thumb/v7e-m+fp/hard/crtn.o

.comment        0x00000000       0x45
 .comment       0x00000000       0x45 D:\embedded\f407_homework_Xuhan_Yang123\can_motor\build\Debug\main.o
                                 0x46 (size before relaxing)
 .comment       0x00000045       0x46 D:\embedded\f407_homework_Xuhan_Yang123\can_motor\build\Debug\stm32f4xx_it.o
 .comment       0x00000045       0x46 D:\embedded\f407_homework_Xuhan_Yang123\can_motor\build\Debug\stm32f4xx_hal_msp.o
 .comment       0x00000045       0x46 D:\embedded\f407_homework_Xuhan_Yang123\can_motor\build\Debug\system_stm32f4xx.o
 .comment       0x00000045       0x46 D:\embedded\f407_homework_Xuhan_Yang123\can_motor\build\Debug\stm32f4xx_hal.o
 .comment       0x00000045       0x46 D:\embedded\f407_homework_Xuhan_Yang123\can_motor\build\Debug\stm32f4xx_hal_can.o
 .comment       0x00000045       0x46 D:\embedded\f407_homework_Xuhan_Yang123\can_motor\build\Debug\stm32f4xx_hal_cortex.o
 .comment       0x00000045       0x46 D:\embedded\f407_homework_Xuhan_Yang123\can_motor\build\Debug\stm32f4xx_hal_gpio.o
 .comment       0x00000045       0x46 D:\embedded\f407_homework_Xuhan_Yang123\can_motor\build\Debug\stm32f4xx_hal_rcc.o

.debug_info     0x00000000     0x589d
 .debug_info    0x00000000      0xe5e D:\embedded\f407_homework_Xuhan_Yang123\can_motor\build\Debug\main.o
 .debug_info    0x00000e5e      0x508 D:\embedded\f407_homework_Xuhan_Yang123\can_motor\build\Debug\stm32f4xx_it.o
 .debug_info    0x00001366      0xa86 D:\embedded\f407_homework_Xuhan_Yang123\can_motor\build\Debug\stm32f4xx_hal_msp.o
 .debug_info    0x00001dec      0x512 D:\embedded\f407_homework_Xuhan_Yang123\can_motor\build\Debug\system_stm32f4xx.o
 .debug_info    0x000022fe      0x944 D:\embedded\f407_homework_Xuhan_Yang123\can_motor\build\Debug\stm32f4xx_hal.o
 .debug_info    0x00002c42      0xf49 D:\embedded\f407_homework_Xuhan_Yang123\can_motor\build\Debug\stm32f4xx_hal_can.o
 .debug_info    0x00003b8b      0xd8c D:\embedded\f407_homework_Xuhan_Yang123\can_motor\build\Debug\stm32f4xx_hal_cortex.o
 .debug_info    0x00004917      0x6c3 D:\embedded\f407_homework_Xuhan_Yang123\can_motor\build\Debug\stm32f4xx_hal_gpio.o
 .debug_info    0x00004fda      0x8c3 D:\embedded\f407_homework_Xuhan_Yang123\can_motor\build\Debug\stm32f4xx_hal_rcc.o

.debug_abbrev   0x00000000     0x1326
 .debug_abbrev  0x00000000      0x297 D:\embedded\f407_homework_Xuhan_Yang123\can_motor\build\Debug\main.o
 .debug_abbrev  0x00000297      0x18e D:\embedded\f407_homework_Xuhan_Yang123\can_motor\build\Debug\stm32f4xx_it.o
 .debug_abbrev  0x00000425      0x1d3 D:\embedded\f407_homework_Xuhan_Yang123\can_motor\build\Debug\stm32f4xx_hal_msp.o
 .debug_abbrev  0x000005f8      0x11a D:\embedded\f407_homework_Xuhan_Yang123\can_motor\build\Debug\system_stm32f4xx.o
 .debug_abbrev  0x00000712      0x214 D:\embedded\f407_homework_Xuhan_Yang123\can_motor\build\Debug\stm32f4xx_hal.o
 .debug_abbrev  0x00000926      0x258 D:\embedded\f407_homework_Xuhan_Yang123\can_motor\build\Debug\stm32f4xx_hal_can.o
 .debug_abbrev  0x00000b7e      0x31d D:\embedded\f407_homework_Xuhan_Yang123\can_motor\build\Debug\stm32f4xx_hal_cortex.o
 .debug_abbrev  0x00000e9b      0x1d4 D:\embedded\f407_homework_Xuhan_Yang123\can_motor\build\Debug\stm32f4xx_hal_gpio.o
 .debug_abbrev  0x0000106f      0x2b7 D:\embedded\f407_homework_Xuhan_Yang123\can_motor\build\Debug\stm32f4xx_hal_rcc.o

.debug_aranges  0x00000000      0x540
 .debug_aranges
                0x00000000       0x48 D:\embedded\f407_homework_Xuhan_Yang123\can_motor\build\Debug\main.o
 .debug_aranges
                0x00000048       0x68 D:\embedded\f407_homework_Xuhan_Yang123\can_motor\build\Debug\stm32f4xx_it.o
 .debug_aranges
                0x000000b0       0x30 D:\embedded\f407_homework_Xuhan_Yang123\can_motor\build\Debug\stm32f4xx_hal_msp.o
 .debug_aranges
                0x000000e0       0x28 D:\embedded\f407_homework_Xuhan_Yang123\can_motor\build\Debug\system_stm32f4xx.o
 .debug_aranges
                0x00000108       0xf0 D:\embedded\f407_homework_Xuhan_Yang123\can_motor\build\Debug\stm32f4xx_hal.o
 .debug_aranges
                0x000001f8      0x138 D:\embedded\f407_homework_Xuhan_Yang123\can_motor\build\Debug\stm32f4xx_hal_can.o
 .debug_aranges
                0x00000330      0x130 D:\embedded\f407_homework_Xuhan_Yang123\can_motor\build\Debug\stm32f4xx_hal_cortex.o
 .debug_aranges
                0x00000460       0x58 D:\embedded\f407_homework_Xuhan_Yang123\can_motor\build\Debug\stm32f4xx_hal_gpio.o
 .debug_aranges
                0x000004b8       0x88 D:\embedded\f407_homework_Xuhan_Yang123\can_motor\build\Debug\stm32f4xx_hal_rcc.o

.debug_rnglists
                0x00000000      0x3db
 .debug_rnglists
                0x00000000       0x36 D:\embedded\f407_homework_Xuhan_Yang123\can_motor\build\Debug\main.o
 .debug_rnglists
                0x00000036       0x49 D:\embedded\f407_homework_Xuhan_Yang123\can_motor\build\Debug\stm32f4xx_it.o
 .debug_rnglists
                0x0000007f       0x20 D:\embedded\f407_homework_Xuhan_Yang123\can_motor\build\Debug\stm32f4xx_hal_msp.o
 .debug_rnglists
                0x0000009f       0x1a D:\embedded\f407_homework_Xuhan_Yang123\can_motor\build\Debug\system_stm32f4xx.o
 .debug_rnglists
                0x000000b9       0xaf D:\embedded\f407_homework_Xuhan_Yang123\can_motor\build\Debug\stm32f4xx_hal.o
 .debug_rnglists
                0x00000168       0xee D:\embedded\f407_homework_Xuhan_Yang123\can_motor\build\Debug\stm32f4xx_hal_can.o
 .debug_rnglists
                0x00000256       0xe0 D:\embedded\f407_homework_Xuhan_Yang123\can_motor\build\Debug\stm32f4xx_hal_cortex.o
 .debug_rnglists
                0x00000336       0x3f D:\embedded\f407_homework_Xuhan_Yang123\can_motor\build\Debug\stm32f4xx_hal_gpio.o
 .debug_rnglists
                0x00000375       0x66 D:\embedded\f407_homework_Xuhan_Yang123\can_motor\build\Debug\stm32f4xx_hal_rcc.o

.debug_macro    0x00000000    0x1f498
 .debug_macro   0x00000000      0x1c9 D:\embedded\f407_homework_Xuhan_Yang123\can_motor\build\Debug\main.o
 .debug_macro   0x000001c9      0xad8 D:\embedded\f407_homework_Xuhan_Yang123\can_motor\build\Debug\main.o
 .debug_macro   0x00000ca1      0x295 D:\embedded\f407_homework_Xuhan_Yang123\can_motor\build\Debug\main.o
 .debug_macro   0x00000f36       0x2e D:\embedded\f407_homework_Xuhan_Yang123\can_motor\build\Debug\main.o
 .debug_macro   0x00000f64       0x2f D:\embedded\f407_homework_Xuhan_Yang123\can_motor\build\Debug\main.o
 .debug_macro   0x00000f93       0x22 D:\embedded\f407_homework_Xuhan_Yang123\can_motor\build\Debug\main.o
 .debug_macro   0x00000fb5       0x8e D:\embedded\f407_homework_Xuhan_Yang123\can_motor\build\Debug\main.o
 .debug_macro   0x00001043       0x51 D:\embedded\f407_homework_Xuhan_Yang123\can_motor\build\Debug\main.o
 .debug_macro   0x00001094      0x103 D:\embedded\f407_homework_Xuhan_Yang123\can_motor\build\Debug\main.o
 .debug_macro   0x00001197       0x6a D:\embedded\f407_homework_Xuhan_Yang123\can_motor\build\Debug\main.o
 .debug_macro   0x00001201      0x1df D:\embedded\f407_homework_Xuhan_Yang123\can_motor\build\Debug\main.o
 .debug_macro   0x000013e0       0x1c D:\embedded\f407_homework_Xuhan_Yang123\can_motor\build\Debug\main.o
 .debug_macro   0x000013fc       0x22 D:\embedded\f407_homework_Xuhan_Yang123\can_motor\build\Debug\main.o
 .debug_macro   0x0000141e       0xfb D:\embedded\f407_homework_Xuhan_Yang123\can_motor\build\Debug\main.o
 .debug_macro   0x00001519     0x1011 D:\embedded\f407_homework_Xuhan_Yang123\can_motor\build\Debug\main.o
 .debug_macro   0x0000252a      0x11f D:\embedded\f407_homework_Xuhan_Yang123\can_motor\build\Debug\main.o
 .debug_macro   0x00002649    0x15ea5 D:\embedded\f407_homework_Xuhan_Yang123\can_motor\build\Debug\main.o
 .debug_macro   0x000184ee       0x6d D:\embedded\f407_homework_Xuhan_Yang123\can_motor\build\Debug\main.o
 .debug_macro   0x0001855b     0x3693 D:\embedded\f407_homework_Xuhan_Yang123\can_motor\build\Debug\main.o
 .debug_macro   0x0001bbee      0x190 D:\embedded\f407_homework_Xuhan_Yang123\can_motor\build\Debug\main.o
 .debug_macro   0x0001bd7e       0x5c D:\embedded\f407_homework_Xuhan_Yang123\can_motor\build\Debug\main.o
 .debug_macro   0x0001bdda      0x980 D:\embedded\f407_homework_Xuhan_Yang123\can_motor\build\Debug\main.o
 .debug_macro   0x0001c75a      0x9e9 D:\embedded\f407_homework_Xuhan_Yang123\can_motor\build\Debug\main.o
 .debug_macro   0x0001d143      0x115 D:\embedded\f407_homework_Xuhan_Yang123\can_motor\build\Debug\main.o
 .debug_macro   0x0001d258      0x13e D:\embedded\f407_homework_Xuhan_Yang123\can_motor\build\Debug\main.o
 .debug_macro   0x0001d396       0xa5 D:\embedded\f407_homework_Xuhan_Yang123\can_motor\build\Debug\main.o
 .debug_macro   0x0001d43b      0x174 D:\embedded\f407_homework_Xuhan_Yang123\can_motor\build\Debug\main.o
 .debug_macro   0x0001d5af      0x287 D:\embedded\f407_homework_Xuhan_Yang123\can_motor\build\Debug\main.o
 .debug_macro   0x0001d836       0x5f D:\embedded\f407_homework_Xuhan_Yang123\can_motor\build\Debug\main.o
 .debug_macro   0x0001d895      0x236 D:\embedded\f407_homework_Xuhan_Yang123\can_motor\build\Debug\main.o
 .debug_macro   0x0001dacb      0x40f D:\embedded\f407_homework_Xuhan_Yang123\can_motor\build\Debug\main.o
 .debug_macro   0x0001deda      0x12c D:\embedded\f407_homework_Xuhan_Yang123\can_motor\build\Debug\main.o
 .debug_macro   0x0001e006      0x21e D:\embedded\f407_homework_Xuhan_Yang123\can_motor\build\Debug\main.o
 .debug_macro   0x0001e224       0x2e D:\embedded\f407_homework_Xuhan_Yang123\can_motor\build\Debug\main.o
 .debug_macro   0x0001e252      0x127 D:\embedded\f407_homework_Xuhan_Yang123\can_motor\build\Debug\main.o
 .debug_macro   0x0001e379       0x7e D:\embedded\f407_homework_Xuhan_Yang123\can_motor\build\Debug\main.o
 .debug_macro   0x0001e3f7       0x89 D:\embedded\f407_homework_Xuhan_Yang123\can_motor\build\Debug\main.o
 .debug_macro   0x0001e480      0x12d D:\embedded\f407_homework_Xuhan_Yang123\can_motor\build\Debug\main.o
 .debug_macro   0x0001e5ad       0x4c D:\embedded\f407_homework_Xuhan_Yang123\can_motor\build\Debug\main.o
 .debug_macro   0x0001e5f9      0x1e1 D:\embedded\f407_homework_Xuhan_Yang123\can_motor\build\Debug\stm32f4xx_it.o
 .debug_macro   0x0001e7da      0x1c9 D:\embedded\f407_homework_Xuhan_Yang123\can_motor\build\Debug\stm32f4xx_hal_msp.o
 .debug_macro   0x0001e9a3      0x1ba D:\embedded\f407_homework_Xuhan_Yang123\can_motor\build\Debug\system_stm32f4xx.o
 .debug_macro   0x0001eb5d      0x21a D:\embedded\f407_homework_Xuhan_Yang123\can_motor\build\Debug\stm32f4xx_hal.o
 .debug_macro   0x0001ed77      0x1c9 D:\embedded\f407_homework_Xuhan_Yang123\can_motor\build\Debug\stm32f4xx_hal_can.o
 .debug_macro   0x0001ef40      0x1ba D:\embedded\f407_homework_Xuhan_Yang123\can_motor\build\Debug\stm32f4xx_hal_cortex.o
 .debug_macro   0x0001f0fa      0x1c0 D:\embedded\f407_homework_Xuhan_Yang123\can_motor\build\Debug\stm32f4xx_hal_gpio.o
 .debug_macro   0x0001f2ba      0x1de D:\embedded\f407_homework_Xuhan_Yang123\can_motor\build\Debug\stm32f4xx_hal_rcc.o

.debug_line     0x00000000     0x5a54
 .debug_line    0x00000000      0x838 D:\embedded\f407_homework_Xuhan_Yang123\can_motor\build\Debug\main.o
 .debug_line    0x00000838      0x70b D:\embedded\f407_homework_Xuhan_Yang123\can_motor\build\Debug\stm32f4xx_it.o
 .debug_line    0x00000f43      0x68b D:\embedded\f407_homework_Xuhan_Yang123\can_motor\build\Debug\stm32f4xx_hal_msp.o
 .debug_line    0x000015ce      0x6b1 D:\embedded\f407_homework_Xuhan_Yang123\can_motor\build\Debug\system_stm32f4xx.o
 .debug_line    0x00001c7f      0x92d D:\embedded\f407_homework_Xuhan_Yang123\can_motor\build\Debug\stm32f4xx_hal.o
 .debug_line    0x000025ac     0x10ec D:\embedded\f407_homework_Xuhan_Yang123\can_motor\build\Debug\stm32f4xx_hal_can.o
 .debug_line    0x00003698      0xbfd D:\embedded\f407_homework_Xuhan_Yang123\can_motor\build\Debug\stm32f4xx_hal_cortex.o
 .debug_line    0x00004295      0xa85 D:\embedded\f407_homework_Xuhan_Yang123\can_motor\build\Debug\stm32f4xx_hal_gpio.o
 .debug_line    0x00004d1a      0xd3a D:\embedded\f407_homework_Xuhan_Yang123\can_motor\build\Debug\stm32f4xx_hal_rcc.o

.debug_str      0x00000000    0xbf13c
 .debug_str     0x00000000    0xbf13c D:\embedded\f407_homework_Xuhan_Yang123\can_motor\build\Debug\main.o
                              0xbda8f (size before relaxing)
 .debug_str     0x000bf13c    0xbd57f D:\embedded\f407_homework_Xuhan_Yang123\can_motor\build\Debug\stm32f4xx_it.o
 .debug_str     0x000bf13c    0xbdb78 D:\embedded\f407_homework_Xuhan_Yang123\can_motor\build\Debug\stm32f4xx_hal_msp.o
 .debug_str     0x000bf13c    0xbd2d4 D:\embedded\f407_homework_Xuhan_Yang123\can_motor\build\Debug\system_stm32f4xx.o
 .debug_str     0x000bf13c    0xbde58 D:\embedded\f407_homework_Xuhan_Yang123\can_motor\build\Debug\stm32f4xx_hal.o
 .debug_str     0x000bf13c    0xbd9ce D:\embedded\f407_homework_Xuhan_Yang123\can_motor\build\Debug\stm32f4xx_hal_can.o
 .debug_str     0x000bf13c    0xbdbd4 D:\embedded\f407_homework_Xuhan_Yang123\can_motor\build\Debug\stm32f4xx_hal_cortex.o
 .debug_str     0x000bf13c    0xbd44f D:\embedded\f407_homework_Xuhan_Yang123\can_motor\build\Debug\stm32f4xx_hal_gpio.o
 .debug_str     0x000bf13c    0xbd708 D:\embedded\f407_homework_Xuhan_Yang123\can_motor\build\Debug\stm32f4xx_hal_rcc.o

.debug_frame    0x00000000     0x14d8
 .debug_frame   0x00000000       0xd8 D:\embedded\f407_homework_Xuhan_Yang123\can_motor\build\Debug\main.o
 .debug_frame   0x000000d8      0x120 D:\embedded\f407_homework_Xuhan_Yang123\can_motor\build\Debug\stm32f4xx_it.o
 .debug_frame   0x000001f8       0x80 D:\embedded\f407_homework_Xuhan_Yang123\can_motor\build\Debug\stm32f4xx_hal_msp.o
 .debug_frame   0x00000278       0x58 D:\embedded\f407_homework_Xuhan_Yang123\can_motor\build\Debug\system_stm32f4xx.o
 .debug_frame   0x000002d0      0x374 D:\embedded\f407_homework_Xuhan_Yang123\can_motor\build\Debug\stm32f4xx_hal.o
 .debug_frame   0x00000644      0x5a0 D:\embedded\f407_homework_Xuhan_Yang123\can_motor\build\Debug\stm32f4xx_hal_can.o
 .debug_frame   0x00000be4      0x508 D:\embedded\f407_homework_Xuhan_Yang123\can_motor\build\Debug\stm32f4xx_hal_cortex.o
 .debug_frame   0x000010ec      0x14c D:\embedded\f407_homework_Xuhan_Yang123\can_motor\build\Debug\stm32f4xx_hal_gpio.o
 .debug_frame   0x00001238      0x1f4 D:\embedded\f407_homework_Xuhan_Yang123\can_motor\build\Debug\stm32f4xx_hal_rcc.o
 .debug_frame   0x0000142c       0x2c D:/arm-gnu-toolchain-13.3.rel1-mingw-w64-i686-arm-none-eabi/bin/../lib/gcc/arm-none-eabi/13.3.1/thumb/v7e-m+fp/hard\libgcc.a(_aeabi_uldivmod.o)
 .debug_frame   0x00001458       0x34 D:/arm-gnu-toolchain-13.3.rel1-mingw-w64-i686-arm-none-eabi/bin/../lib/gcc/arm-none-eabi/13.3.1/thumb/v7e-m+fp/hard\libgcc.a(_udivmoddi4.o)
 .debug_frame   0x0000148c       0x20 D:/arm-gnu-toolchain-13.3.rel1-mingw-w64-i686-arm-none-eabi/bin/../lib/gcc/arm-none-eabi/13.3.1/thumb/v7e-m+fp/hard\libc_nano.a(libc_a-memset.o)
 .debug_frame   0x000014ac       0x2c D:/arm-gnu-toolchain-13.3.rel1-mingw-w64-i686-arm-none-eabi/bin/../lib/gcc/arm-none-eabi/13.3.1/thumb/v7e-m+fp/hard\libc_nano.a(libc_a-init.o)

.debug_line_str
                0x00000000       0xd5
 .debug_line_str
                0x00000000       0xd5 D:/arm-gnu-toolchain-13.3.rel1-mingw-w64-i686-arm-none-eabi/bin/../lib/gcc/arm-none-eabi/13.3.1/thumb/v7e-m+fp/hard\libgcc.a(_aeabi_uldivmod.o)
                                 0xc9 (size before relaxing)
 .debug_line_str
                0x000000d5       0xcd D:/arm-gnu-toolchain-13.3.rel1-mingw-w64-i686-arm-none-eabi/bin/../lib/gcc/arm-none-eabi/13.3.1/thumb/v7e-m+fp/hard\libgcc.a(_dvmd_tls.o)
